Warning: Building for device with codesigning disabled. You will have to manually codesign before deploying to device.
Archiving com.barbersync.barberSync...
Running Xcode build...                                          
Xcode archive done.                                         54.6s
✓ Built build/ios/archive/Runner.xcarchive (166.3MB)

[✓] App Settings Validation
    • Version Number: 1.0.0
    • Build Number: 1
    • Display Name: Barber Sync
    • Deployment Target: 13.0
    • Bundle Identifier: com.barbersync.barberSync

[!] App Icon and Launch Image Assets Validation
    ! App icon is set to the default placeholder icon. Replace with unique icons.
    ! Launch image is set to the default placeholder icon. Replace with unique launch image.

To update the settings, please refer to https://flutter.dev/to/ios-deploy

Codesigning disabled with --no-codesign, skipping IPA.
